Archive member included to satisfy reference by file (symbol)

/usr/lib/gcc/arm-none-eabi/13.2.1/thumb/v7e-m+fp/hard/libgcc.a(_aeabi_uldivmod.o)
                              ./build/Debug/.obj/cubemx_source/Drivers/STM32F4xx_HAL_Driver/Src/stm32f4xx_hal_rcc.o (__aeabi_uldivmod)
/usr/lib/gcc/arm-none-eabi/13.2.1/thumb/v7e-m+fp/hard/libgcc.a(_udivmoddi4.o)
                              /usr/lib/gcc/arm-none-eabi/13.2.1/thumb/v7e-m+fp/hard/libgcc.a(_aeabi_uldivmod.o) (__udivmoddi4)
/usr/lib/gcc/arm-none-eabi/13.2.1/thumb/v7e-m+fp/hard/libgcc.a(_dvmd_tls.o)
                              /usr/lib/gcc/arm-none-eabi/13.2.1/thumb/v7e-m+fp/hard/libgcc.a(_aeabi_uldivmod.o) (__aeabi_ldiv0)
/usr/lib/gcc/arm-none-eabi/13.2.1/../../../arm-none-eabi/lib/thumb/v7e-m+fp/hard/libc_nano.a(libc_a-init.o)
                              /usr/lib/gcc/arm-none-eabi/13.2.1/../../../arm-none-eabi/lib/thumb/v7e-m+fp/hard/crt0.o (__libc_init_array)
/usr/lib/gcc/arm-none-eabi/13.2.1/../../../arm-none-eabi/lib/thumb/v7e-m+fp/hard/libc_nano.a(libc_a-memset.o)
                              /usr/lib/gcc/arm-none-eabi/13.2.1/../../../arm-none-eabi/lib/thumb/v7e-m+fp/hard/crt0.o (memset)
/usr/lib/gcc/arm-none-eabi/13.2.1/../../../arm-none-eabi/lib/thumb/v7e-m+fp/hard/libc_nano.a(libc_a-errno.o)
                              ./build/Debug/.obj/cubemx_source/Core/Src/syscalls.o (__errno)
/usr/lib/gcc/arm-none-eabi/13.2.1/../../../arm-none-eabi/lib/thumb/v7e-m+fp/hard/libc_nano.a(libc_a-exit.o)
                              /usr/lib/gcc/arm-none-eabi/13.2.1/../../../arm-none-eabi/lib/thumb/v7e-m+fp/hard/crt0.o (exit)
/usr/lib/gcc/arm-none-eabi/13.2.1/../../../arm-none-eabi/lib/thumb/v7e-m+fp/hard/libc_nano.a(libc_a-atexit.o)
                              /usr/lib/gcc/arm-none-eabi/13.2.1/../../../arm-none-eabi/lib/thumb/v7e-m+fp/hard/crt0.o (atexit)
/usr/lib/gcc/arm-none-eabi/13.2.1/../../../arm-none-eabi/lib/thumb/v7e-m+fp/hard/libc_nano.a(libc_a-fini.o)
                              /usr/lib/gcc/arm-none-eabi/13.2.1/../../../arm-none-eabi/lib/thumb/v7e-m+fp/hard/crt0.o (__libc_fini_array)
/usr/lib/gcc/arm-none-eabi/13.2.1/../../../arm-none-eabi/lib/thumb/v7e-m+fp/hard/libc_nano.a(libc_a-impure.o)
                              /usr/lib/gcc/arm-none-eabi/13.2.1/../../../arm-none-eabi/lib/thumb/v7e-m+fp/hard/libc_nano.a(libc_a-errno.o) (_impure_ptr)
/usr/lib/gcc/arm-none-eabi/13.2.1/../../../arm-none-eabi/lib/thumb/v7e-m+fp/hard/libc_nano.a(libc_a-findfp.o)
                              /usr/lib/gcc/arm-none-eabi/13.2.1/../../../arm-none-eabi/lib/thumb/v7e-m+fp/hard/libc_nano.a(libc_a-exit.o) (__stdio_exit_handler)
/usr/lib/gcc/arm-none-eabi/13.2.1/../../../arm-none-eabi/lib/thumb/v7e-m+fp/hard/libc_nano.a(libc_a-fflush.o)
                              /usr/lib/gcc/arm-none-eabi/13.2.1/../../../arm-none-eabi/lib/thumb/v7e-m+fp/hard/libc_nano.a(libc_a-findfp.o) (_fflush_r)
/usr/lib/gcc/arm-none-eabi/13.2.1/../../../arm-none-eabi/lib/thumb/v7e-m+fp/hard/libc_nano.a(libc_a-mallocr.o)
                              /usr/lib/gcc/arm-none-eabi/13.2.1/../../../arm-none-eabi/lib/thumb/v7e-m+fp/hard/libc_nano.a(libc_a-findfp.o) (_malloc_r)
/usr/lib/gcc/arm-none-eabi/13.2.1/../../../arm-none-eabi/lib/thumb/v7e-m+fp/hard/libc_nano.a(libc_a-freer.o)
                              /usr/lib/gcc/arm-none-eabi/13.2.1/../../../arm-none-eabi/lib/thumb/v7e-m+fp/hard/libc_nano.a(libc_a-fflush.o) (_free_r)
/usr/lib/gcc/arm-none-eabi/13.2.1/../../../arm-none-eabi/lib/thumb/v7e-m+fp/hard/libc_nano.a(libc_a-fwalk.o)
                              /usr/lib/gcc/arm-none-eabi/13.2.1/../../../arm-none-eabi/lib/thumb/v7e-m+fp/hard/libc_nano.a(libc_a-findfp.o) (_fwalk_sglue)
/usr/lib/gcc/arm-none-eabi/13.2.1/../../../arm-none-eabi/lib/thumb/v7e-m+fp/hard/libc_nano.a(libc_a-__atexit.o)
                              /usr/lib/gcc/arm-none-eabi/13.2.1/../../../arm-none-eabi/lib/thumb/v7e-m+fp/hard/libc_nano.a(libc_a-atexit.o) (__register_exitproc)
/usr/lib/gcc/arm-none-eabi/13.2.1/../../../arm-none-eabi/lib/thumb/v7e-m+fp/hard/libc_nano.a(libc_a-mlock.o)
                              /usr/lib/gcc/arm-none-eabi/13.2.1/../../../arm-none-eabi/lib/thumb/v7e-m+fp/hard/libc_nano.a(libc_a-mallocr.o) (__malloc_lock)
/usr/lib/gcc/arm-none-eabi/13.2.1/../../../arm-none-eabi/lib/thumb/v7e-m+fp/hard/libc_nano.a(libc_a-sbrkr.o)
                              /usr/lib/gcc/arm-none-eabi/13.2.1/../../../arm-none-eabi/lib/thumb/v7e-m+fp/hard/libc_nano.a(libc_a-mallocr.o) (_sbrk_r)
/usr/lib/gcc/arm-none-eabi/13.2.1/../../../arm-none-eabi/lib/thumb/v7e-m+fp/hard/libc_nano.a(libc_a-stdio.o)
                              /usr/lib/gcc/arm-none-eabi/13.2.1/../../../arm-none-eabi/lib/thumb/v7e-m+fp/hard/libc_nano.a(libc_a-findfp.o) (__sread)
/usr/lib/gcc/arm-none-eabi/13.2.1/../../../arm-none-eabi/lib/thumb/v7e-m+fp/hard/libc_nano.a(libc_a-closer.o)
                              /usr/lib/gcc/arm-none-eabi/13.2.1/../../../arm-none-eabi/lib/thumb/v7e-m+fp/hard/libc_nano.a(libc_a-stdio.o) (_close_r)
[...]
Memory Configuration

Name             Origin             Length             Attributes
RAM              0x20000000         0x00020000         xrw
FLASH            0x08000000         0x00080000         xr
*default*        0x00000000         0xffffffff

Linker script and memory map

LOAD /usr/lib/gcc/arm-none-eabi/13.2.1/thumb/v7e-m+fp/hard/crti.o
LOAD /usr/lib/gcc/arm-none-eabi/13.2.1/thumb/v7e-m+fp/hard/crtbegin.o
LOAD /usr/lib/gcc/arm-none-eabi/13.2.1/../../../arm-none-eabi/lib/thumb/v7e-m+fp/hard/crt0.o
LOAD ./build/Debug/.obj/app.o
LOAD ./build/Debug/.obj/cubemx_source/Core/Src/main.o
LOAD ./build/Debug/.obj/cubemx_source/Core/Src/stm32f4xx_hal_msp.o
LOAD ./build/Debug/.obj/cubemx_source/Core/Src/stm32f4xx_it.o
LOAD ./build/Debug/.obj/cubemx_source/Core/Src/syscalls.o
LOAD ./build/Debug/.obj/cubemx_source/Core/Src/sysmem.o
LOAD ./build/Debug/.obj/cubemx_source/Core/Src/system_stm32f4xx.o
LOAD ./build/Debug/.obj/cubemx_source/Drivers/STM32F4xx_HAL_Driver/Src/stm32f4xx_hal.o
LOAD ./build/Debug/.obj/cubemx_source/Drivers/STM32F4xx_HAL_Driver/Src/stm32f4xx_hal_cortex.o
LOAD ./build/Debug/.obj/cubemx_source/Drivers/STM32F4xx_HAL_Driver/Src/stm32f4xx_hal_dma.o
LOAD ./build/Debug/.obj/cubemx_source/Drivers/STM32F4xx_HAL_Driver/Src/stm32f4xx_hal_dma_ex.o
LOAD ./build/Debug/.obj/cubemx_source/Drivers/STM32F4xx_HAL_Driver/Src/stm32f4xx_hal_exti.o
LOAD ./build/Debug/.obj/cubemx_source/Drivers/STM32F4xx_HAL_Driver/Src/stm32f4xx_hal_flash.o
LOAD ./build/Debug/.obj/cubemx_source/Drivers/STM32F4xx_HAL_Driver/Src/stm32f4xx_hal_flash_ex.o
LOAD ./build/Debug/.obj/cubemx_source/Drivers/STM32F4xx_HAL_Driver/Src/stm32f4xx_hal_flash_ramfunc.o
LOAD ./build/Debug/.obj/cubemx_source/Drivers/STM32F4xx_HAL_Driver/Src/stm32f4xx_hal_gpio.o
LOAD ./build/Debug/.obj/cubemx_source/Drivers/STM32F4xx_HAL_Driver/Src/stm32f4xx_hal_pwr.o
LOAD ./build/Debug/.obj/cubemx_source/Drivers/STM32F4xx_HAL_Driver/Src/stm32f4xx_hal_pwr_ex.o
LOAD ./build/Debug/.obj/cubemx_source/Drivers/STM32F4xx_HAL_Driver/Src/stm32f4xx_hal_rcc.o
LOAD ./build/Debug/.obj/cubemx_source/Drivers/STM32F4xx_HAL_Driver/Src/stm32f4xx_hal_rcc_ex.o
LOAD ./build/Debug/.obj/cubemx_source/startup_stm32f411xe.o
LOAD /usr/lib/gcc/arm-none-eabi/13.2.1/../../../arm-none-eabi/lib/thumb/v7e-m+fp/hard/libm.a
START GROUP
LOAD /usr/lib/gcc/arm-none-eabi/13.2.1/thumb/v7e-m+fp/hard/libgcc.a
LOAD /usr/lib/gcc/arm-none-eabi/13.2.1/../../../arm-none-eabi/lib/thumb/v7e-m+fp/hard/libc_nano.a
END GROUP
START GROUP
LOAD /usr/lib/gcc/arm-none-eabi/13.2.1/thumb/v7e-m+fp/hard/libgcc.a
LOAD /usr/lib/gcc/arm-none-eabi/13.2.1/../../../arm-none-eabi/lib/thumb/v7e-m+fp/hard/libc_nano.a
LOAD /usr/lib/gcc/arm-none-eabi/13.2.1/../../../arm-none-eabi/lib/thumb/v7e-m+fp/hard/libnosys.a
END GROUP
START GROUP
LOAD /usr/lib/gcc/arm-none-eabi/13.2.1/thumb/v7e-m+fp/hard/libgcc.a
LOAD /usr/lib/gcc/arm-none-eabi/13.2.1/../../../arm-none-eabi/lib/thumb/v7e-m+fp/hard/libc_nano.a
LOAD /usr/lib/gcc/arm-none-eabi/13.2.1/../../../arm-none-eabi/lib/thumb/v7e-m+fp/hard/libnosys.a
END GROUP
LOAD /usr/lib/gcc/arm-none-eabi/13.2.1/thumb/v7e-m+fp/hard/crtend.o
LOAD /usr/lib/gcc/arm-none-eabi/13.2.1/thumb/v7e-m+fp/hard/crtn.o
                0x20020000                        _estack = (ORIGIN (RAM) + LENGTH (RAM))
                0x00000200                        _Min_Heap_Size = 0x200
                0x00000400                        _Min_Stack_Size = 0x400

.isr_vector     0x08000000      0x198
                0x08000000                        . = ALIGN (0x4)
 *(.isr_vector)
 .isr_vector    0x08000000      0x198 ./build/Debug/.obj/cubemx_source/startup_stm32f411xe.o
                0x08000000                g_pfnVectors
                0x08000198                        . = ALIGN (0x4)

.text           0x08000198      0xfe4
                0x08000198                        . = ALIGN (0x4)
 *(.text)
 .text          0x08000198       0x88 /usr/lib/gcc/arm-none-eabi/13.2.1/thumb/v7e-m+fp/hard/crtbegin.o
 .text          0x08000220       0x30 /usr/lib/gcc/arm-none-eabi/13.2.1/thumb/v7e-m+fp/hard/libgcc.a(_aeabi_uldivmod.o)
                0x08000220                __aeabi_uldivmod
 .text          0x08000250      0x2bc /usr/lib/gcc/arm-none-eabi/13.2.1/thumb/v7e-m+fp/hard/libgcc.a(_udivmoddi4.o)
                0x08000250                __udivmoddi4
 .text          0x0800050c        0x4 /usr/lib/gcc/arm-none-eabi/13.2.1/thumb/v7e-m+fp/hard/libgcc.a(_dvmd_tls.o)
                0x0800050c                __aeabi_ldiv0
                0x0800050c                __aeabi_idiv0
 .text          0x08000510       0xa4 /usr/lib/gcc/arm-none-eabi/13.2.1/../../../arm-none-eabi/lib/thumb/v7e-m+fp/hard/libc_nano.a(libc_a-memset.o)
                0x08000510                memset
 *(.text*)
 .text.SystemClock_Config
                0x080005b4       0x98 ./build/Debug/.obj/cubemx_source/Core/Src/main.o
                0x080005b4                SystemClock_Config
 .text.MX_GPIO_Init
                0x0800064c       0x48 ./build/Debug/.obj/cubemx_source/Core/Src/main.o
                0x0800064c                MX_GPIO_Init
 .text.main     0x08000694       0x34 ./build/Debug/.obj/cubemx_source/Core/Src/main.o
                0x08000694                main
 .text.HAL_MspInit
                0x080006c8       0x38 ./build/Debug/.obj/cubemx_source/Core/Src/stm32f4xx_hal_msp.o
                0x080006c8                HAL_MspInit
 .text.NMI_Handler
                0x08000700        0x8 ./build/Debug/.obj/cubemx_source/Core/Src/stm32f4xx_it.o
                0x08000700                NMI_Handler
 .text.HardFault_Handler
                0x08000708        0x2 ./build/Debug/.obj/cubemx_source/Core/Src/stm32f4xx_it.o
                0x08000708                HardFault_Handler
 .text.MemManage_Handler
                0x0800070a        0x2 ./build/Debug/.obj/cubemx_source/Core/Src/stm32f4xx_it.o
                0x0800070a                MemManage_Handler
 .text.BusFault_Handler
                0x0800070c        0x2 ./build/Debug/.obj/cubemx_source/Core/Src/stm32f4xx_it.o
                0x0800070c                BusFault_Handler
 .text.UsageFault_Handler
                0x0800070e        0x2 ./build/Debug/.obj/cubemx_source/Core/Src/stm32f4xx_it.o
                0x0800070e                UsageFault_Handler
 .text.SVC_Handler
                0x08000710        0x2 ./build/Debug/.obj/cubemx_source/Core/Src/stm32f4xx_it.o
                0x08000710                SVC_Handler
 .text.DebugMon_Handler
                0x08000712        0x2 ./build/Debug/.obj/cubemx_source/Core/Src/stm32f4xx_it.o
                0x08000712                DebugMon_Handler
 .text.PendSV_Handler
                0x08000714        0x2 ./build/Debug/.obj/cubemx_source/Core/Src/stm32f4xx_it.o
                0x08000714                PendSV_Handler
 .text.SysTick_Handler
                0x08000716        0x8 ./build/Debug/.obj/cubemx_source/Core/Src/stm32f4xx_it.o
                0x08000716                SysTick_Handler
 *fill*         0x0800071e        0x2 
 .text.SystemInit
                0x08000720       0x1c ./build/Debug/.obj/cubemx_source/Core/Src/system_stm32f4xx.o
                0x08000720                SystemInit
 .text.HAL_InitTick
                0x0800073c       0x4c ./build/Debug/.obj/cubemx_source/Drivers/STM32F4xx_HAL_Driver/Src/stm32f4xx_hal.o
                0x0800073c                HAL_InitTick
 .text.HAL_Init
                0x08000788       0x34 ./build/Debug/.obj/cubemx_source/Drivers/STM32F4xx_HAL_Driver/Src/stm32f4xx_hal.o
                0x08000788                HAL_Init
 .text.HAL_IncTick
                0x080007bc       0x18 ./build/Debug/.obj/cubemx_source/Drivers/STM32F4xx_HAL_Driver/Src/stm32f4xx_hal.o
                0x080007bc                HAL_IncTick
 .text.HAL_GetTick
                0x080007d4        0xc ./build/Debug/.obj/cubemx_source/Drivers/STM32F4xx_HAL_Driver/Src/stm32f4xx_hal.o
                0x080007d4                HAL_GetTick
 .text.HAL_Delay
                0x080007e0       0x28 ./build/Debug/.obj/cubemx_source/Drivers/STM32F4xx_HAL_Driver/Src/stm32f4xx_hal.o
                0x080007e0                HAL_Delay
 .text.__NVIC_SetPriority
                0x08000808       0x28 ./build/Debug/.obj/cubemx_source/Drivers/STM32F4xx_HAL_Driver/Src/stm32f4xx_hal_cortex.o
 .text.NVIC_EncodePriority
                0x08000830       0x3e ./build/Debug/.obj/cubemx_source/Drivers/STM32F4xx_HAL_Driver/Src/stm32f4xx_hal_cortex.o
 *fill*         0x0800086e        0x2 
 .text.HAL_NVIC_SetPriorityGrouping
                0x08000870       0x24 ./build/Debug/.obj/cubemx_source/Drivers/STM32F4xx_HAL_Driver/Src/stm32f4xx_hal_cortex.o
                0x08000870                HAL_NVIC_SetPriorityGrouping
 .text.HAL_NVIC_SetPriority
                0x08000894       0x20 ./build/Debug/.obj/cubemx_source/Drivers/STM32F4xx_HAL_Driver/Src/stm32f4xx_hal_cortex.o
                0x08000894                HAL_NVIC_SetPriority
 .text.HAL_SYSTICK_Config
                0x080008b4       0x28 ./build/Debug/.obj/cubemx_source/Drivers/STM32F4xx_HAL_Driver/Src/stm32f4xx_hal_cortex.o
                0x080008b4                HAL_SYSTICK_Config
 .text.HAL_GPIO_Init
                0x080008dc      0x1ec ./build/Debug/.obj/cubemx_source/Drivers/STM32F4xx_HAL_Driver/Src/stm32f4xx_hal_gpio.o
                0x080008dc                HAL_GPIO_Init
 .text.HAL_GPIO_WritePin
                0x08000ac8        0xc ./build/Debug/.obj/cubemx_source/Drivers/STM32F4xx_HAL_Driver/Src/stm32f4xx_hal_gpio.o
                0x08000ac8                HAL_GPIO_WritePin
 .text.HAL_GPIO_TogglePin
                0x08000ad4       0x12 ./build/Debug/.obj/cubemx_source/Drivers/STM32F4xx_HAL_Driver/Src/stm32f4xx_hal_gpio.o
                0x08000ad4                HAL_GPIO_TogglePin
 *fill*         0x08000ae6        0x2 
 .text.HAL_RCC_OscConfig
                0x08000ae8      0x3f8 ./build/Debug/.obj/cubemx_source/Drivers/STM32F4xx_HAL_Driver/Src/stm32f4xx_hal_rcc.o
                0x08000ae8                HAL_RCC_OscConfig
 .text.HAL_RCC_GetSysClockFreq
                0x08000ee0       0xa8 ./build/Debug/.obj/cubemx_source/Drivers/STM32F4xx_HAL_Driver/Src/stm32f4xx_hal_rcc.o
                0x08000ee0                HAL_RCC_GetSysClockFreq
 .text.HAL_RCC_ClockConfig
                0x08000f88      0x160 ./build/Debug/.obj/cubemx_source/Drivers/STM32F4xx_HAL_Driver/Src/stm32f4xx_hal_rcc.o
                0x08000f88                HAL_RCC_ClockConfig
 .text.HAL_RCC_CSSCallback
                0x080010e8        0x2 ./build/Debug/.obj/cubemx_source/Drivers/STM32F4xx_HAL_Driver/Src/stm32f4xx_hal_rcc.o
                0x080010e8                HAL_RCC_CSSCallback
 *fill*         0x080010ea        0x2 
 .text.HAL_RCC_NMI_IRQHandler
                0x080010ec       0x20 ./build/Debug/.obj/cubemx_source/Drivers/STM32F4xx_HAL_Driver/Src/stm32f4xx_hal_rcc.o
                0x080010ec                HAL_RCC_NMI_IRQHandler
 .text.Reset_Handler
                0x0800110c       0x54 ./build/Debug/.obj/cubemx_source/startup_stm32f411xe.o
                0x0800110c                Reset_Handler
 .text.Default_Handler
                0x08001160        0x2 ./build/Debug/.obj/cubemx_source/startup_stm32f411xe.o
                0x08001160                RTC_Alarm_IRQHandler
                0x08001160                EXTI2_IRQHandler
                0x08001160                SPI4_IRQHandler
                0x08001160                TIM1_CC_IRQHandler
                0x08001160                DMA2_Stream5_IRQHandler
                0x08001160                DMA1_Stream5_IRQHandler
                0x08001160                PVD_IRQHandler
                0x08001160                SDIO_IRQHandler
                0x08001160                TAMP_STAMP_IRQHandler
                0x08001160                EXTI3_IRQHandler
                0x08001160                TIM1_UP_TIM10_IRQHandler
                0x08001160                I2C3_ER_IRQHandler
                0x08001160                EXTI0_IRQHandler
                0x08001160                I2C2_EV_IRQHandler
                0x08001160                DMA1_Stream2_IRQHandler
                0x08001160                FPU_IRQHandler
                0x08001160                DMA2_Stream2_IRQHandler
                0x08001160                SPI1_IRQHandler
                0x08001160                TIM1_BRK_TIM9_IRQHandler
                0x08001160                DMA2_Stream3_IRQHandler
                0x08001160                USART6_IRQHandler
                0x08001160                DMA2_Stream0_IRQHandler
                0x08001160                TIM4_IRQHandler
                0x08001160                I2C1_EV_IRQHandler
                0x08001160                DMA1_Stream6_IRQHandler
                0x08001160                DMA1_Stream1_IRQHandler
                0x08001160                TIM3_IRQHandler
                0x08001160                RCC_IRQHandler
                0x08001160                Default_Handler
                0x08001160                EXTI15_10_IRQHandler
                0x08001160                ADC_IRQHandler
                0x08001160                DMA1_Stream7_IRQHandler
                0x08001160                SPI5_IRQHandler
                0x08001160                TIM5_IRQHandler
                0x08001160                DMA2_Stream7_IRQHandler
                0x08001160                I2C3_EV_IRQHandler
                0x08001160                EXTI9_5_IRQHandler
                0x08001160                RTC_WKUP_IRQHandler
                0x08001160                SPI2_IRQHandler
                0x08001160                DMA1_Stream0_IRQHandler
                0x08001160                EXTI4_IRQHandler
                0x08001160                WWDG_IRQHandler
                0x08001160                TIM2_IRQHandler
                0x08001160                OTG_FS_WKUP_IRQHandler
                0x08001160                TIM1_TRG_COM_TIM11_IRQHandler
                0x08001160                EXTI1_IRQHandler
                0x08001160                USART2_IRQHandler
                0x08001160                I2C2_ER_IRQHandler
                0x08001160                DMA2_Stream1_IRQHandler
                0x08001160                FLASH_IRQHandler
                0x08001160                DMA2_Stream4_IRQHandler
                0x08001160                USART1_IRQHandler
                0x08001160                OTG_FS_IRQHandler
                0x08001160                SPI3_IRQHandler
                0x08001160                DMA1_Stream4_IRQHandler
                0x08001160                I2C1_ER_IRQHandler
                0x08001160                DMA2_Stream6_IRQHandler
                0x08001160                DMA1_Stream3_IRQHandler
 *(.glue_7)
 .glue_7        0x08001162        0x0 linker stubs
 *(.glue_7t)
 .glue_7t       0x08001162        0x0 linker stubs
 *(.eh_frame)
 *fill*         0x08001162        0x2 
 .eh_frame      0x08001164        0x0 /usr/lib/gcc/arm-none-eabi/13.2.1/thumb/v7e-m+fp/hard/crtbegin.o
 *(.init)
 .init          0x08001164        0x4 /usr/lib/gcc/arm-none-eabi/13.2.1/thumb/v7e-m+fp/hard/crti.o
                0x08001164                _init
 .init          0x08001168        0x8 /usr/lib/gcc/arm-none-eabi/13.2.1/thumb/v7e-m+fp/hard/crtn.o
 *(.fini)
 .fini          0x08001170        0x4 /usr/lib/gcc/arm-none-eabi/13.2.1/thumb/v7e-m+fp/hard/crti.o
                0x08001170                _fini
 .fini          0x08001174        0x8 /usr/lib/gcc/arm-none-eabi/13.2.1/thumb/v7e-m+fp/hard/crtn.o
                0x0800117c                        . = ALIGN (0x4)
                0x0800117c                        _etext = .

.vfp11_veneer   0x0800117c        0x0
 .vfp11_veneer  0x0800117c        0x0 linker stubs

.v4_bx          0x0800117c        0x0
 .v4_bx         0x0800117c        0x0 linker stubs

.iplt           0x0800117c        0x0
 .iplt          0x0800117c        0x0 /usr/lib/gcc/arm-none-eabi/13.2.1/thumb/v7e-m+fp/hard/crtbegin.o

.rodata         0x0800117c       0x10
                0x0800117c                        . = ALIGN (0x4)
 *(.rodata)
 *(.rodata*)
 .rodata.AHBPrescTable
                0x0800117c       0x10 ./build/Debug/.obj/cubemx_source/Core/Src/system_stm32f4xx.o
                0x0800117c                AHBPrescTable
                0x0800118c                        . = ALIGN (0x4)

.ARM.extab
 *(.ARM.extab* .gnu.linkonce.armextab.*)

.ARM            0x0800118c        0x8
                0x0800118c                        __exidx_start = .
 *(.ARM.exidx*)
 .ARM.exidx     0x0800118c        0x8 /usr/lib/gcc/arm-none-eabi/13.2.1/thumb/v7e-m+fp/hard/libgcc.a(_udivmoddi4.o)
                0x08001194                        __exidx_end = .

.rel.dyn        0x08001194        0x0
 .rel.iplt      0x08001194        0x0 /usr/lib/gcc/arm-none-eabi/13.2.1/thumb/v7e-m+fp/hard/crtbegin.o

.preinit_array  0x08001194        0x0
                0x08001194                        PROVIDE (__preinit_array_start = .)
 *(.preinit_array*)
                0x08001194                        PROVIDE (__preinit_array_end = .)

.init_array     0x08001194        0x4
                0x08001194                        PROVIDE (__init_array_start = .)
 *(SORT_BY_NAME(.init_array.*))
 *(.init_array*)
 .init_array    0x08001194        0x4 /usr/lib/gcc/arm-none-eabi/13.2.1/thumb/v7e-m+fp/hard/crtbegin.o
                0x08001198                        PROVIDE (__init_array_end = .)

.fini_array     0x08001198        0x4
                0x08001198                        PROVIDE (__fini_array_start = .)
 *(SORT_BY_NAME(.fini_array.*))
 *(.fini_array*)
 .fini_array    0x08001198        0x4 /usr/lib/gcc/arm-none-eabi/13.2.1/thumb/v7e-m+fp/hard/crtbegin.o
                0x0800119c                        PROVIDE (__fini_array_end = .)
                0x0800119c                        _sidata = LOADADDR (.data)

.data           0x20000000        0xc load address 0x0800119c
                0x20000000                        . = ALIGN (0x4)
                0x20000000                        _sdata = .
 *(.data)
 *(.data*)
 .data.SystemCoreClock
                0x20000000        0x4 ./build/Debug/.obj/cubemx_source/Core/Src/system_stm32f4xx.o
                0x20000000                SystemCoreClock
 .data.uwTickFreq
                0x20000004        0x1 ./build/Debug/.obj/cubemx_source/Drivers/STM32F4xx_HAL_Driver/Src/stm32f4xx_hal.o
                0x20000004                uwTickFreq
 *fill*         0x20000005        0x3 
 .data.uwTickPrio
                0x20000008        0x4 ./build/Debug/.obj/cubemx_source/Drivers/STM32F4xx_HAL_Driver/Src/stm32f4xx_hal.o
                0x20000008                uwTickPrio
                0x2000000c                        . = ALIGN (0x4)
                0x2000000c                        _edata = .

.tm_clone_table
                0x2000000c        0x0 load address 0x080011a8
 .tm_clone_table
                0x2000000c        0x0 /usr/lib/gcc/arm-none-eabi/13.2.1/thumb/v7e-m+fp/hard/crtbegin.o
 .tm_clone_table
                0x2000000c        0x0 /usr/lib/gcc/arm-none-eabi/13.2.1/thumb/v7e-m+fp/hard/crtend.o

.igot.plt       0x2000000c        0x0 load address 0x080011a8
 .igot.plt      0x2000000c        0x0 /usr/lib/gcc/arm-none-eabi/13.2.1/thumb/v7e-m+fp/hard/crtbegin.o
                0x2000000c                        . = ALIGN (0x4)

.bss            0x2000000c       0x20 load address 0x080011a8
                0x2000000c                        _sbss = .
                0x2000000c                        __bss_start__ = _sbss
 *(.bss)
 .bss           0x2000000c       0x1c /usr/lib/gcc/arm-none-eabi/13.2.1/thumb/v7e-m+fp/hard/crtbegin.o
 *(.bss*)
 .bss.uwTick    0x20000028        0x4 ./build/Debug/.obj/cubemx_source/Drivers/STM32F4xx_HAL_Driver/Src/stm32f4xx_hal.o
                0x20000028                uwTick
 *(COMMON)
                0x2000002c                        . = ALIGN (0x4)
                0x2000002c                        _ebss = .
                0x2000002c                        __bss_end__ = _ebss

._user_heap_stack
                0x2000002c      0x604 load address 0x080011a8
                0x20000030                        . = ALIGN (0x8)
 *fill*         0x2000002c        0x4 
                [!provide]                        PROVIDE (end = .)
                0x20000030                        PROVIDE (_end = .)
                0x20000230                        . = (. + _Min_Heap_Size)
 *fill*         0x20000030      0x200 
                0x20000630                        . = (. + _Min_Stack_Size)
 *fill*         0x20000230      0x400 
                0x20000630                        . = ALIGN (0x8)

/DISCARD/
 libc.a(*)
 libm.a(*)
 libgcc.a(*)

.ARM.attributes
                0x00000000       0x30
 *(.ARM.attributes)
 .ARM.attributes
                0x00000000       0x22 /usr/lib/gcc/arm-none-eabi/13.2.1/thumb/v7e-m+fp/hard/crti.o
 .ARM.attributes
                0x00000022       0x34 /usr/lib/gcc/arm-none-eabi/13.2.1/thumb/v7e-m+fp/hard/crtbegin.o
 .ARM.attributes
                0x00000056       0x34 ./build/Debug/.obj/cubemx_source/Core/Src/main.o
 .ARM.attributes
                0x0000008a       0x34 ./build/Debug/.obj/cubemx_source/Core/Src/stm32f4xx_hal_msp.o
 .ARM.attributes
                0x000000be       0x34 ./build/Debug/.obj/cubemx_source/Core/Src/stm32f4xx_it.o
 .ARM.attributes
                0x000000f2       0x34 ./build/Debug/.obj/cubemx_source/Core/Src/system_stm32f4xx.o
 .ARM.attributes
                0x00000126       0x34 ./build/Debug/.obj/cubemx_source/Drivers/STM32F4xx_HAL_Driver/Src/stm32f4xx_hal.o
 .ARM.attributes
                0x0000015a       0x34 ./build/Debug/.obj/cubemx_source/Drivers/STM32F4xx_HAL_Driver/Src/stm32f4xx_hal_cortex.o
 .ARM.attributes
                0x0000018e       0x34 ./build/Debug/.obj/cubemx_source/Drivers/STM32F4xx_HAL_Driver/Src/stm32f4xx_hal_gpio.o
 .ARM.attributes
                0x000001c2       0x34 ./build/Debug/.obj/cubemx_source/Drivers/STM32F4xx_HAL_Driver/Src/stm32f4xx_hal_rcc.o
 .ARM.attributes
                0x000001f6       0x21 ./build/Debug/.obj/cubemx_source/startup_stm32f411xe.o
 .ARM.attributes
                0x00000217       0x22 /usr/lib/gcc/arm-none-eabi/13.2.1/thumb/v7e-m+fp/hard/libgcc.a(_aeabi_uldivmod.o)
 .ARM.attributes
                0x00000239       0x34 /usr/lib/gcc/arm-none-eabi/13.2.1/thumb/v7e-m+fp/hard/libgcc.a(_udivmoddi4.o)
 .ARM.attributes
                0x0000026d       0x22 /usr/lib/gcc/arm-none-eabi/13.2.1/thumb/v7e-m+fp/hard/libgcc.a(_dvmd_tls.o)
 .ARM.attributes
                0x0000028f       0x34 /usr/lib/gcc/arm-none-eabi/13.2.1/../../../arm-none-eabi/lib/thumb/v7e-m+fp/hard/libc_nano.a(libc_a-memset.o)
 .ARM.attributes
                0x000002c3       0x34 /usr/lib/gcc/arm-none-eabi/13.2.1/thumb/v7e-m+fp/hard/crtend.o
 .ARM.attributes
                0x000002f7       0x22 /usr/lib/gcc/arm-none-eabi/13.2.1/thumb/v7e-m+fp/hard/crtn.o
OUTPUT(./build/Debug/stm32f411CEU6_demo.elf elf32-littlearm)
LOAD linker stubs
LOAD /usr/lib/gcc/arm-none-eabi/13.2.1/../../../arm-none-eabi/lib/thumb/v7e-m+fp/hard/libc.a
LOAD /usr/lib/gcc/arm-none-eabi/13.2.1/../../../arm-none-eabi/lib/thumb/v7e-m+fp/hard/libm.a
LOAD /usr/lib/gcc/arm-none-eabi/13.2.1/thumb/v7e-m+fp/hard/libgcc.a

.comment        0x00000000       0x26
 .comment       0x00000000       0x26 /usr/lib/gcc/arm-none-eabi/13.2.1/thumb/v7e-m+fp/hard/crtbegin.o
                                 0x27 (size before relaxing)
 .comment       0x00000026       0x27 ./build/Debug/.obj/cubemx_source/Core/Src/main.o
 .comment       0x00000026       0x27 ./build/Debug/.obj/cubemx_source/Core/Src/stm32f4xx_hal_msp.o
 .comment       0x00000026       0x27 ./build/Debug/.obj/cubemx_source/Core/Src/stm32f4xx_it.o
 .comment       0x00000026       0x27 ./build/Debug/.obj/cubemx_source/Core/Src/system_stm32f4xx.o
 .comment       0x00000026       0x27 ./build/Debug/.obj/cubemx_source/Drivers/STM32F4xx_HAL_Driver/Src/stm32f4xx_hal.o
 .comment       0x00000026       0x27 ./build/Debug/.obj/cubemx_source/Drivers/STM32F4xx_HAL_Driver/Src/stm32f4xx_hal_cortex.o
 .comment       0x00000026       0x27 ./build/Debug/.obj/cubemx_source/Drivers/STM32F4xx_HAL_Driver/Src/stm32f4xx_hal_gpio.o
 .comment       0x00000026       0x27 ./build/Debug/.obj/cubemx_source/Drivers/STM32F4xx_HAL_Driver/Src/stm32f4xx_hal_rcc.o
 .comment       0x00000026       0x27 /usr/lib/gcc/arm-none-eabi/13.2.1/thumb/v7e-m+fp/hard/libgcc.a(_udivmoddi4.o)
 .comment       0x00000026       0x27 /usr/lib/gcc/arm-none-eabi/13.2.1/../../../arm-none-eabi/lib/thumb/v7e-m+fp/hard/libc_nano.a(libc_a-memset.o)
 .comment       0x00000026       0x27 /usr/lib/gcc/arm-none-eabi/13.2.1/thumb/v7e-m+fp/hard/crtend.o

.debug_info     0x00000000     0x4330
 .debug_info    0x00000000      0x738 ./build/Debug/.obj/cubemx_source/Core/Src/main.o
 .debug_info    0x00000738      0x252 ./build/Debug/.obj/cubemx_source/Core/Src/stm32f4xx_hal_msp.o
 .debug_info    0x0000098a      0x12a ./build/Debug/.obj/cubemx_source/Core/Src/stm32f4xx_it.o
 .debug_info    0x00000ab4      0x506 ./build/Debug/.obj/cubemx_source/Core/Src/system_stm32f4xx.o
 .debug_info    0x00000fba      0x9cf ./build/Debug/.obj/cubemx_source/Drivers/STM32F4xx_HAL_Driver/Src/stm32f4xx_hal.o
 .debug_info    0x00001989      0xfca ./build/Debug/.obj/cubemx_source/Drivers/STM32F4xx_HAL_Driver/Src/stm32f4xx_hal_cortex.o
 .debug_info    0x00002953      0x6d9 ./build/Debug/.obj/cubemx_source/Drivers/STM32F4xx_HAL_Driver/Src/stm32f4xx_hal_gpio.o
 .debug_info    0x0000302c      0xa4a ./build/Debug/.obj/cubemx_source/Drivers/STM32F4xx_HAL_Driver/Src/stm32f4xx_hal_rcc.o
 .debug_info    0x00003a76       0x30 ./build/Debug/.obj/cubemx_source/startup_stm32f411xe.o
 .debug_info    0x00003aa6       0x24 /usr/lib/gcc/arm-none-eabi/13.2.1/thumb/v7e-m+fp/hard/libgcc.a(_aeabi_uldivmod.o)
 .debug_info    0x00003aca      0x6f5 /usr/lib/gcc/arm-none-eabi/13.2.1/thumb/v7e-m+fp/hard/libgcc.a(_udivmoddi4.o)
 .debug_info    0x000041bf       0x3c /usr/lib/gcc/arm-none-eabi/13.2.1/thumb/v7e-m+fp/hard/libgcc.a(_dvmd_tls.o)
 .debug_info    0x000041fb      0x135 /usr/lib/gcc/arm-none-eabi/13.2.1/../../../arm-none-eabi/lib/thumb/v7e-m+fp/hard/libc_nano.a(libc_a-memset.o)

.debug_abbrev   0x00000000     0x11cd
 .debug_abbrev  0x00000000      0x217 ./build/Debug/.obj/cubemx_source/Core/Src/main.o
 .debug_abbrev  0x00000217       0xd6 ./build/Debug/.obj/cubemx_source/Core/Src/stm32f4xx_hal_msp.o
 .debug_abbrev  0x000002ed       0xa8 ./build/Debug/.obj/cubemx_source/Core/Src/stm32f4xx_it.o
 .debug_abbrev  0x00000395      0x11f ./build/Debug/.obj/cubemx_source/Core/Src/system_stm32f4xx.o
 .debug_abbrev  0x000004b4      0x240 ./build/Debug/.obj/cubemx_source/Drivers/STM32F4xx_HAL_Driver/Src/stm32f4xx_hal.o
 .debug_abbrev  0x000006f4      0x391 ./build/Debug/.obj/cubemx_source/Drivers/STM32F4xx_HAL_Driver/Src/stm32f4xx_hal_cortex.o
 .debug_abbrev  0x00000a85      0x202 ./build/Debug/.obj/cubemx_source/Drivers/STM32F4xx_HAL_Driver/Src/stm32f4xx_hal_gpio.o
 .debug_abbrev  0x00000c87      0x2c7 ./build/Debug/.obj/cubemx_source/Drivers/STM32F4xx_HAL_Driver/Src/stm32f4xx_hal_rcc.o
 .debug_abbrev  0x00000f4e       0x24 ./build/Debug/.obj/cubemx_source/startup_stm32f411xe.o
 .debug_abbrev  0x00000f72       0x14 /usr/lib/gcc/arm-none-eabi/13.2.1/thumb/v7e-m+fp/hard/libgcc.a(_aeabi_uldivmod.o)
 .debug_abbrev  0x00000f86      0x16a /usr/lib/gcc/arm-none-eabi/13.2.1/thumb/v7e-m+fp/hard/libgcc.a(_udivmoddi4.o)
 .debug_abbrev  0x000010f0       0x26 /usr/lib/gcc/arm-none-eabi/13.2.1/thumb/v7e-m+fp/hard/libgcc.a(_dvmd_tls.o)
 .debug_abbrev  0x00001116       0xb7 /usr/lib/gcc/arm-none-eabi/13.2.1/../../../arm-none-eabi/lib/thumb/v7e-m+fp/hard/libc_nano.a(libc_a-memset.o)

.debug_aranges  0x00000000      0x450
 .debug_aranges
                0x00000000       0x38 ./build/Debug/.obj/cubemx_source/Core/Src/main.o
 .debug_aranges
                0x00000038       0x20 ./build/Debug/.obj/cubemx_source/Core/Src/stm32f4xx_hal_msp.o
 .debug_aranges
                0x00000058       0x60 ./build/Debug/.obj/cubemx_source/Core/Src/stm32f4xx_it.o
 .debug_aranges
                0x000000b8       0x28 ./build/Debug/.obj/cubemx_source/Core/Src/system_stm32f4xx.o
 .debug_aranges
                0x000000e0       0xf0 ./build/Debug/.obj/cubemx_source/Drivers/STM32F4xx_HAL_Driver/Src/stm32f4xx_hal.o
 .debug_aranges
                0x000001d0       0xf8 ./build/Debug/.obj/cubemx_source/Drivers/STM32F4xx_HAL_Driver/Src/stm32f4xx_hal_cortex.o
 .debug_aranges
                0x000002c8       0x58 ./build/Debug/.obj/cubemx_source/Drivers/STM32F4xx_HAL_Driver/Src/stm32f4xx_hal_gpio.o
 .debug_aranges
                0x00000320       0x88 ./build/Debug/.obj/cubemx_source/Drivers/STM32F4xx_HAL_Driver/Src/stm32f4xx_hal_rcc.o
 .debug_aranges
                0x000003a8       0x28 ./build/Debug/.obj/cubemx_source/startup_stm32f411xe.o
 .debug_aranges
                0x000003d0       0x20 /usr/lib/gcc/arm-none-eabi/13.2.1/thumb/v7e-m+fp/hard/libgcc.a(_aeabi_uldivmod.o)
 .debug_aranges
                0x000003f0       0x20 /usr/lib/gcc/arm-none-eabi/13.2.1/thumb/v7e-m+fp/hard/libgcc.a(_udivmoddi4.o)
 .debug_aranges
                0x00000410       0x20 /usr/lib/gcc/arm-none-eabi/13.2.1/thumb/v7e-m+fp/hard/libgcc.a(_dvmd_tls.o)
 .debug_aranges
                0x00000430       0x20 /usr/lib/gcc/arm-none-eabi/13.2.1/../../../arm-none-eabi/lib/thumb/v7e-m+fp/hard/libc_nano.a(libc_a-memset.o)

.debug_rnglists
                0x00000000      0x34b
 .debug_rnglists
                0x00000000       0x26 ./build/Debug/.obj/cubemx_source/Core/Src/main.o
 .debug_rnglists
                0x00000026       0x13 ./build/Debug/.obj/cubemx_source/Core/Src/stm32f4xx_hal_msp.o
 .debug_rnglists
                0x00000039       0x43 ./build/Debug/.obj/cubemx_source/Core/Src/stm32f4xx_it.o
 .debug_rnglists
                0x0000007c       0x1a ./build/Debug/.obj/cubemx_source/Core/Src/system_stm32f4xx.o
 .debug_rnglists
                0x00000096       0xaf ./build/Debug/.obj/cubemx_source/Drivers/STM32F4xx_HAL_Driver/Src/stm32f4xx_hal.o
 .debug_rnglists
                0x00000145       0xb5 ./build/Debug/.obj/cubemx_source/Drivers/STM32F4xx_HAL_Driver/Src/stm32f4xx_hal_cortex.o
 .debug_rnglists
                0x000001fa       0x3f ./build/Debug/.obj/cubemx_source/Drivers/STM32F4xx_HAL_Driver/Src/stm32f4xx_hal_gpio.o
 .debug_rnglists
                0x00000239       0x75 ./build/Debug/.obj/cubemx_source/Drivers/STM32F4xx_HAL_Driver/Src/stm32f4xx_hal_rcc.o
 .debug_rnglists
                0x000002ae       0x19 ./build/Debug/.obj/cubemx_source/startup_stm32f411xe.o
 .debug_rnglists
                0x000002c7       0x84 /usr/lib/gcc/arm-none-eabi/13.2.1/thumb/v7e-m+fp/hard/libgcc.a(_udivmoddi4.o)

.debug_line     0x00000000     0x2e5e
 .debug_line    0x00000000      0x2c4 ./build/Debug/.obj/cubemx_source/Core/Src/main.o
 .debug_line    0x000002c4       0xf0 ./build/Debug/.obj/cubemx_source/Core/Src/stm32f4xx_hal_msp.o
 .debug_line    0x000003b4      0x171 ./build/Debug/.obj/cubemx_source/Core/Src/stm32f4xx_it.o
 .debug_line    0x00000525      0x1fd ./build/Debug/.obj/cubemx_source/Core/Src/system_stm32f4xx.o
 .debug_line    0x00000722      0x51c ./build/Debug/.obj/cubemx_source/Drivers/STM32F4xx_HAL_Driver/Src/stm32f4xx_hal.o
 .debug_line    0x00000c3e      0x7df ./build/Debug/.obj/cubemx_source/Drivers/STM32F4xx_HAL_Driver/Src/stm32f4xx_hal_cortex.o
 .debug_line    0x0000141d      0x69c ./build/Debug/.obj/cubemx_source/Drivers/STM32F4xx_HAL_Driver/Src/stm32f4xx_hal_gpio.o
 .debug_line    0x00001ab9      0xb64 ./build/Debug/.obj/cubemx_source/Drivers/STM32F4xx_HAL_Driver/Src/stm32f4xx_hal_rcc.o
 .debug_line    0x0000261d       0x7f ./build/Debug/.obj/cubemx_source/startup_stm32f411xe.o
 .debug_line    0x0000269c       0x4e /usr/lib/gcc/arm-none-eabi/13.2.1/thumb/v7e-m+fp/hard/libgcc.a(_aeabi_uldivmod.o)
 .debug_line    0x000026ea      0x574 /usr/lib/gcc/arm-none-eabi/13.2.1/thumb/v7e-m+fp/hard/libgcc.a(_udivmoddi4.o)
 .debug_line    0x00002c5e       0x4a /usr/lib/gcc/arm-none-eabi/13.2.1/thumb/v7e-m+fp/hard/libgcc.a(_dvmd_tls.o)
 .debug_line    0x00002ca8      0x1b6 /usr/lib/gcc/arm-none-eabi/13.2.1/../../../arm-none-eabi/lib/thumb/v7e-m+fp/hard/libc_nano.a(libc_a-memset.o)

.debug_str      0x00000000     0x1e81
 .debug_str     0x00000000     0x1e81 ./build/Debug/.obj/cubemx_source/Core/Src/main.o
                                0x549 (size before relaxing)
 .debug_str     0x00001e81      0x2a3 ./build/Debug/.obj/cubemx_source/Core/Src/stm32f4xx_hal_msp.o
 .debug_str     0x00001e81      0x239 ./build/Debug/.obj/cubemx_source/Core/Src/stm32f4xx_it.o
 .debug_str     0x00001e81      0x353 ./build/Debug/.obj/cubemx_source/Core/Src/system_stm32f4xx.o
 .debug_str     0x00001e81      0xb4c ./build/Debug/.obj/cubemx_source/Drivers/STM32F4xx_HAL_Driver/Src/stm32f4xx_hal.o
 .debug_str     0x00001e81      0xc49 ./build/Debug/.obj/cubemx_source/Drivers/STM32F4xx_HAL_Driver/Src/stm32f4xx_hal_cortex.o
 .debug_str     0x00001e81      0x4b3 ./build/Debug/.obj/cubemx_source/Drivers/STM32F4xx_HAL_Driver/Src/stm32f4xx_hal_gpio.o
 .debug_str     0x00001e81      0x6ce ./build/Debug/.obj/cubemx_source/Drivers/STM32F4xx_HAL_Driver/Src/stm32f4xx_hal_rcc.o
 .debug_str     0x00001e81       0x70 ./build/Debug/.obj/cubemx_source/startup_stm32f411xe.o
 .debug_str     0x00001e81       0xa3 /usr/lib/gcc/arm-none-eabi/13.2.1/thumb/v7e-m+fp/hard/libgcc.a(_aeabi_uldivmod.o)
 .debug_str     0x00001e81      0x685 /usr/lib/gcc/arm-none-eabi/13.2.1/thumb/v7e-m+fp/hard/libgcc.a(_udivmoddi4.o)
 .debug_str     0x00001e81       0xc3 /usr/lib/gcc/arm-none-eabi/13.2.1/thumb/v7e-m+fp/hard/libgcc.a(_dvmd_tls.o)
 .debug_str     0x00001e81      0x1ad /usr/lib/gcc/arm-none-eabi/13.2.1/../../../arm-none-eabi/lib/thumb/v7e-m+fp/hard/libc_nano.a(libc_a-memset.o)

.debug_frame    0x00000000      0x84c
 .debug_frame   0x00000000       0x74 ./build/Debug/.obj/cubemx_source/Core/Src/main.o
 .debug_frame   0x00000074       0x28 ./build/Debug/.obj/cubemx_source/Core/Src/stm32f4xx_hal_msp.o
 .debug_frame   0x0000009c       0xb0 ./build/Debug/.obj/cubemx_source/Core/Src/stm32f4xx_it.o
 .debug_frame   0x0000014c       0x30 ./build/Debug/.obj/cubemx_source/Core/Src/system_stm32f4xx.o
 .debug_frame   0x0000017c      0x1ec ./build/Debug/.obj/cubemx_source/Drivers/STM32F4xx_HAL_Driver/Src/stm32f4xx_hal.o
 .debug_frame   0x00000368      0x214 ./build/Debug/.obj/cubemx_source/Drivers/STM32F4xx_HAL_Driver/Src/stm32f4xx_hal_cortex.o
 .debug_frame   0x0000057c       0xd8 ./build/Debug/.obj/cubemx_source/Drivers/STM32F4xx_HAL_Driver/Src/stm32f4xx_hal_gpio.o
 .debug_frame   0x00000654      0x16c ./build/Debug/.obj/cubemx_source/Drivers/STM32F4xx_HAL_Driver/Src/stm32f4xx_hal_rcc.o
 .debug_frame   0x000007c0       0x2c /usr/lib/gcc/arm-none-eabi/13.2.1/thumb/v7e-m+fp/hard/libgcc.a(_aeabi_uldivmod.o)
 .debug_frame   0x000007ec       0x34 /usr/lib/gcc/arm-none-eabi/13.2.1/thumb/v7e-m+fp/hard/libgcc.a(_udivmoddi4.o)
 .debug_frame   0x00000820       0x2c /usr/lib/gcc/arm-none-eabi/13.2.1/../../../arm-none-eabi/lib/thumb/v7e-m+fp/hard/libc_nano.a(libc_a-memset.o)

.debug_loclists
                0x00000000     0x1a39
 .debug_loclists
                0x00000000       0xfa ./build/Debug/.obj/cubemx_source/Core/Src/system_stm32f4xx.o
 .debug_loclists
                0x000000fa       0xe1 ./build/Debug/.obj/cubemx_source/Drivers/STM32F4xx_HAL_Driver/Src/stm32f4xx_hal.o
 .debug_loclists
                0x000001db      0x54d ./build/Debug/.obj/cubemx_source/Drivers/STM32F4xx_HAL_Driver/Src/stm32f4xx_hal_cortex.o
 .debug_loclists
                0x00000728      0x386 ./build/Debug/.obj/cubemx_source/Drivers/STM32F4xx_HAL_Driver/Src/stm32f4xx_hal_gpio.o
 .debug_loclists
                0x00000aae      0x3e5 ./build/Debug/.obj/cubemx_source/Drivers/STM32F4xx_HAL_Driver/Src/stm32f4xx_hal_rcc.o
 .debug_loclists
                0x00000e93      0x9e4 /usr/lib/gcc/arm-none-eabi/13.2.1/thumb/v7e-m+fp/hard/libgcc.a(_udivmoddi4.o)
 .debug_loclists
                0x00001877      0x1c2 /usr/lib/gcc/arm-none-eabi/13.2.1/../../../arm-none-eabi/lib/thumb/v7e-m+fp/hard/libc_nano.a(libc_a-memset.o)

.debug_line_str
                0x00000000       0xf9
 .debug_line_str
                0x00000000       0xf9 ./build/Debug/.obj/cubemx_source/startup_stm32f411xe.o
                                 0x56 (size before relaxing)
 .debug_line_str
                0x000000f9       0x97 /usr/lib/gcc/arm-none-eabi/13.2.1/thumb/v7e-m+fp/hard/libgcc.a(_aeabi_uldivmod.o)
 .debug_line_str
                0x000000f9       0x9b /usr/lib/gcc/arm-none-eabi/13.2.1/thumb/v7e-m+fp/hard/libgcc.a(_dvmd_tls.o)
